// Jest Snapshot v1, https://goo.gl/fbAQLP

exports[`Pruebas en <GifItem /> Debe hacer match con el snapshot 1`] = `
<div>
  <div
    class="card"
  >
    <img
      alt="Sword Art Online"
      src="https://sao.dev/"
    />
    <p>
      Sword Art Online
    </p>
  </div>
</div>
`;
